------------------------------------------------------------
Timing Analyzer Summary
------------------------------------------------------------

Type  : Slow 1100mV 85C Model Setup 'altera_reserved_tck'
Slack : 6.742
TNS   : 0.000

Type  : Slow 1100mV 85C Model Setup 'PLL_input|altpll_component|auto_generated|generic_pll2~PLL_OUTPUT_COUNTER|divclk'
Slack : 16.841
TNS   : 0.000

Type  : Slow 1100mV 85C Model Setup 'PLL_input|altpll_component|auto_generated|generic_pll1~PLL_OUTPUT_COUNTER|divclk'
Slack : 17.255
TNS   : 0.000

Type  : Slow 1100mV 85C Model Hold 'altera_reserved_tck'
Slack : 0.218
TNS   : 0.000

Type  : Slow 1100mV 85C Model Hold 'PLL_input|altpll_component|auto_generated|generic_pll2~PLL_OUTPUT_COUNTER|divclk'
Slack : 0.285
TNS   : 0.000

Type  : Slow 1100mV 85C Model Hold 'PLL_input|altpll_component|auto_generated|generic_pll1~PLL_OUTPUT_COUNTER|divclk'
Slack : 0.459
TNS   : 0.000

Type  : Slow 1100mV 85C Model Recovery 'altera_reserved_tck'
Slack : 25.779
TNS   : 0.000

Type  : Slow 1100mV 85C Model Removal 'altera_reserved_tck'
Slack : 0.941
TNS   : 0.000

Type  : Slow 1100mV 85C Model Minimum Pulse Width 'PLL_input|altpll_component|auto_generated|generic_pll1~FRACTIONAL_PLL|vcoph[0]'
Slack : 1.250
TNS   : 0.000

Type  : Slow 1100mV 85C Model Minimum Pulse Width 'PLL_input|altpll_component|auto_generated|generic_pll1~PLL_OUTPUT_COUNTER|divclk'
Slack : 9.200
TNS   : 0.000

Type  : Slow 1100mV 85C Model Minimum Pulse Width 'clk_in'
Slack : 9.737
TNS   : 0.000

Type  : Slow 1100mV 85C Model Minimum Pulse Width 'altera_reserved_tck'
Slack : 14.988
TNS   : 0.000

Type  : Slow 1100mV 85C Model Minimum Pulse Width 'PLL_input|altpll_component|auto_generated|generic_pll2~PLL_OUTPUT_COUNTER|divclk'
Slack : 37.612
TNS   : 0.000

Type  : Slow 1100mV 0C Model Setup 'altera_reserved_tck'
Slack : 7.086
TNS   : 0.000

Type  : Slow 1100mV 0C Model Setup 'PLL_input|altpll_component|auto_generated|generic_pll2~PLL_OUTPUT_COUNTER|divclk'
Slack : 16.881
TNS   : 0.000

Type  : Slow 1100mV 0C Model Setup 'PLL_input|altpll_component|auto_generated|generic_pll1~PLL_OUTPUT_COUNTER|divclk'
Slack : 17.414
TNS   : 0.000

Type  : Slow 1100mV 0C Model Hold 'altera_reserved_tck'
Slack : 0.214
TNS   : 0.000

Type  : Slow 1100mV 0C Model Hold 'PLL_input|altpll_component|auto_generated|generic_pll2~PLL_OUTPUT_COUNTER|divclk'
Slack : 0.282
TNS   : 0.000

Type  : Slow 1100mV 0C Model Hold 'PLL_input|altpll_component|auto_generated|generic_pll1~PLL_OUTPUT_COUNTER|divclk'
Slack : 0.443
TNS   : 0.000

Type  : Slow 1100mV 0C Model Recovery 'altera_reserved_tck'
Slack : 25.992
TNS   : 0.000

Type  : Slow 1100mV 0C Model Removal 'altera_reserved_tck'
Slack : 0.874
TNS   : 0.000

Type  : Slow 1100mV 0C Model Minimum Pulse Width 'PLL_input|altpll_component|auto_generated|generic_pll1~FRACTIONAL_PLL|vcoph[0]'
Slack : 1.250
TNS   : 0.000

Type  : Slow 1100mV 0C Model Minimum Pulse Width 'PLL_input|altpll_component|auto_generated|generic_pll1~PLL_OUTPUT_COUNTER|divclk'
Slack : 9.101
TNS   : 0.000

Type  : Slow 1100mV 0C Model Minimum Pulse Width 'clk_in'
Slack : 9.726
TNS   : 0.000

Type  : Slow 1100mV 0C Model Minimum Pulse Width 'altera_reserved_tck'
Slack : 14.978
TNS   : 0.000

Type  : Slow 1100mV 0C Model Minimum Pulse Width 'PLL_input|altpll_component|auto_generated|generic_pll2~PLL_OUTPUT_COUNTER|divclk'
Slack : 37.524
TNS   : 0.000

Type  : Fast 1100mV 85C Model Setup 'altera_reserved_tck'
Slack : 11.992
TNS   : 0.000

Type  : Fast 1100mV 85C Model Setup 'PLL_input|altpll_component|auto_generated|generic_pll2~PLL_OUTPUT_COUNTER|divclk'
Slack : 18.443
TNS   : 0.000

Type  : Fast 1100mV 85C Model Setup 'PLL_input|altpll_component|auto_generated|generic_pll1~PLL_OUTPUT_COUNTER|divclk'
Slack : 18.679
TNS   : 0.000

Type  : Fast 1100mV 85C Model Hold 'altera_reserved_tck'
Slack : 0.037
TNS   : 0.000

Type  : Fast 1100mV 85C Model Hold 'PLL_input|altpll_component|auto_generated|generic_pll2~PLL_OUTPUT_COUNTER|divclk'
Slack : 0.044
TNS   : 0.000

Type  : Fast 1100mV 85C Model Hold 'PLL_input|altpll_component|auto_generated|generic_pll1~PLL_OUTPUT_COUNTER|divclk'
Slack : 0.180
TNS   : 0.000

Type  : Fast 1100mV 85C Model Recovery 'altera_reserved_tck'
Slack : 28.921
TNS   : 0.000

Type  : Fast 1100mV 85C Model Removal 'altera_reserved_tck'
Slack : 0.186
TNS   : 0.000

Type  : Fast 1100mV 85C Model Minimum Pulse Width 'PLL_input|altpll_component|auto_generated|generic_pll1~FRACTIONAL_PLL|vcoph[0]'
Slack : 1.250
TNS   : 0.000

Type  : Fast 1100mV 85C Model Minimum Pulse Width 'PLL_input|altpll_component|auto_generated|generic_pll1~PLL_OUTPUT_COUNTER|divclk'
Slack : 9.528
TNS   : 0.000

Type  : Fast 1100mV 85C Model Minimum Pulse Width 'clk_in'
Slack : 9.921
TNS   : 0.000

Type  : Fast 1100mV 85C Model Minimum Pulse Width 'altera_reserved_tck'
Slack : 14.996
TNS   : 0.000

Type  : Fast 1100mV 85C Model Minimum Pulse Width 'PLL_input|altpll_component|auto_generated|generic_pll2~PLL_OUTPUT_COUNTER|divclk'
Slack : 38.460
TNS   : 0.000

Type  : Fast 1100mV 0C Model Setup 'altera_reserved_tck'
Slack : 12.540
TNS   : 0.000

Type  : Fast 1100mV 0C Model Setup 'PLL_input|altpll_component|auto_generated|generic_pll2~PLL_OUTPUT_COUNTER|divclk'
Slack : 18.581
TNS   : 0.000

Type  : Fast 1100mV 0C Model Setup 'PLL_input|altpll_component|auto_generated|generic_pll1~PLL_OUTPUT_COUNTER|divclk'
Slack : 18.837
TNS   : 0.000

Type  : Fast 1100mV 0C Model Hold 'altera_reserved_tck'
Slack : 0.027
TNS   : 0.000

Type  : Fast 1100mV 0C Model Hold 'PLL_input|altpll_component|auto_generated|generic_pll2~PLL_OUTPUT_COUNTER|divclk'
Slack : 0.030
TNS   : 0.000

Type  : Fast 1100mV 0C Model Hold 'PLL_input|altpll_component|auto_generated|generic_pll1~PLL_OUTPUT_COUNTER|divclk'
Slack : 0.171
TNS   : 0.000

Type  : Fast 1100mV 0C Model Recovery 'altera_reserved_tck'
Slack : 29.461
TNS   : 0.000

Type  : Fast 1100mV 0C Model Removal 'altera_reserved_tck'
Slack : 0.154
TNS   : 0.000

Type  : Fast 1100mV 0C Model Minimum Pulse Width 'PLL_input|altpll_component|auto_generated|generic_pll1~FRACTIONAL_PLL|vcoph[0]'
Slack : 1.250
TNS   : 0.000

Type  : Fast 1100mV 0C Model Minimum Pulse Width 'PLL_input|altpll_component|auto_generated|generic_pll1~PLL_OUTPUT_COUNTER|divclk'
Slack : 9.521
TNS   : 0.000

Type  : Fast 1100mV 0C Model Minimum Pulse Width 'clk_in'
Slack : 9.930
TNS   : 0.000

Type  : Fast 1100mV 0C Model Minimum Pulse Width 'altera_reserved_tck'
Slack : 15.048
TNS   : 0.000

Type  : Fast 1100mV 0C Model Minimum Pulse Width 'PLL_input|altpll_component|auto_generated|generic_pll2~PLL_OUTPUT_COUNTER|divclk'
Slack : 38.558
TNS   : 0.000

------------------------------------------------------------
