------------------------------------------------------------
Timing Analyzer Summary
------------------------------------------------------------

Type  : Slow 1100mV 85C Model Setup 'altera_reserved_tck'
Slack : 5.209
TNS   : 0.000

Type  : Slow 1100mV 85C Model Setup 'PLL_input|altpll_component|auto_generated|generic_pll1~PLL_OUTPUT_COUNTER|divclk'
Slack : 9.279
TNS   : 0.000

Type  : Slow 1100mV 85C Model Hold 'PLL_input|altpll_component|auto_generated|generic_pll1~PLL_OUTPUT_COUNTER|divclk'
Slack : 0.268
TNS   : 0.000

Type  : Slow 1100mV 85C Model Hold 'altera_reserved_tck'
Slack : 0.537
TNS   : 0.000

Type  : Slow 1100mV 85C Model Recovery 'altera_reserved_tck'
Slack : 26.680
TNS   : 0.000

Type  : Slow 1100mV 85C Model Removal 'altera_reserved_tck'
Slack : 1.068
TNS   : 0.000

Type  : Slow 1100mV 85C Model Minimum Pulse Width 'PLL_input|altpll_component|auto_generated|generic_pll1~FRACTIONAL_PLL|vcoph[0]'
Slack : 1.250
TNS   : 0.000

Type  : Slow 1100mV 85C Model Minimum Pulse Width 'PLL_input|altpll_component|auto_generated|generic_pll1~PLL_OUTPUT_COUNTER|divclk'
Slack : 7.666
TNS   : 0.000

Type  : Slow 1100mV 85C Model Minimum Pulse Width 'clk_in'
Slack : 9.737
TNS   : 0.000

Type  : Slow 1100mV 85C Model Minimum Pulse Width 'altera_reserved_tck'
Slack : 14.931
TNS   : 0.000

Type  : Slow 1100mV 0C Model Setup 'altera_reserved_tck'
Slack : 5.532
TNS   : 0.000

Type  : Slow 1100mV 0C Model Setup 'PLL_input|altpll_component|auto_generated|generic_pll1~PLL_OUTPUT_COUNTER|divclk'
Slack : 9.150
TNS   : 0.000

Type  : Slow 1100mV 0C Model Hold 'PLL_input|altpll_component|auto_generated|generic_pll1~PLL_OUTPUT_COUNTER|divclk'
Slack : 0.321
TNS   : 0.000

Type  : Slow 1100mV 0C Model Hold 'altera_reserved_tck'
Slack : 0.536
TNS   : 0.000

Type  : Slow 1100mV 0C Model Recovery 'altera_reserved_tck'
Slack : 26.816
TNS   : 0.000

Type  : Slow 1100mV 0C Model Removal 'altera_reserved_tck'
Slack : 0.999
TNS   : 0.000

Type  : Slow 1100mV 0C Model Minimum Pulse Width 'PLL_input|altpll_component|auto_generated|generic_pll1~FRACTIONAL_PLL|vcoph[0]'
Slack : 1.250
TNS   : 0.000

Type  : Slow 1100mV 0C Model Minimum Pulse Width 'PLL_input|altpll_component|auto_generated|generic_pll1~PLL_OUTPUT_COUNTER|divclk'
Slack : 7.648
TNS   : 0.000

Type  : Slow 1100mV 0C Model Minimum Pulse Width 'clk_in'
Slack : 9.726
TNS   : 0.000

Type  : Slow 1100mV 0C Model Minimum Pulse Width 'altera_reserved_tck'
Slack : 14.948
TNS   : 0.000

Type  : Fast 1100mV 85C Model Setup 'altera_reserved_tck'
Slack : 11.420
TNS   : 0.000

Type  : Fast 1100mV 85C Model Setup 'PLL_input|altpll_component|auto_generated|generic_pll1~PLL_OUTPUT_COUNTER|divclk'
Slack : 14.739
TNS   : 0.000

Type  : Fast 1100mV 85C Model Hold 'altera_reserved_tck'
Slack : 0.112
TNS   : 0.000

Type  : Fast 1100mV 85C Model Hold 'PLL_input|altpll_component|auto_generated|generic_pll1~PLL_OUTPUT_COUNTER|divclk'
Slack : 0.181
TNS   : 0.000

Type  : Fast 1100mV 85C Model Recovery 'altera_reserved_tck'
Slack : 29.695
TNS   : 0.000

Type  : Fast 1100mV 85C Model Removal 'altera_reserved_tck'
Slack : 0.226
TNS   : 0.000

Type  : Fast 1100mV 85C Model Minimum Pulse Width 'PLL_input|altpll_component|auto_generated|generic_pll1~FRACTIONAL_PLL|vcoph[0]'
Slack : 1.250
TNS   : 0.000

Type  : Fast 1100mV 85C Model Minimum Pulse Width 'PLL_input|altpll_component|auto_generated|generic_pll1~PLL_OUTPUT_COUNTER|divclk'
Slack : 8.354
TNS   : 0.000

Type  : Fast 1100mV 85C Model Minimum Pulse Width 'clk_in'
Slack : 9.921
TNS   : 0.000

Type  : Fast 1100mV 85C Model Minimum Pulse Width 'altera_reserved_tck'
Slack : 14.945
TNS   : 0.000

Type  : Fast 1100mV 0C Model Setup 'altera_reserved_tck'
Slack : 12.019
TNS   : 0.000

Type  : Fast 1100mV 0C Model Setup 'PLL_input|altpll_component|auto_generated|generic_pll1~PLL_OUTPUT_COUNTER|divclk'
Slack : 15.213
TNS   : 0.000

Type  : Fast 1100mV 0C Model Hold 'altera_reserved_tck'
Slack : 0.108
TNS   : 0.000

Type  : Fast 1100mV 0C Model Hold 'PLL_input|altpll_component|auto_generated|generic_pll1~PLL_OUTPUT_COUNTER|divclk'
Slack : 0.163
TNS   : 0.000

Type  : Fast 1100mV 0C Model Recovery 'altera_reserved_tck'
Slack : 30.090
TNS   : 0.000

Type  : Fast 1100mV 0C Model Removal 'altera_reserved_tck'
Slack : 0.201
TNS   : 0.000

Type  : Fast 1100mV 0C Model Minimum Pulse Width 'PLL_input|altpll_component|auto_generated|generic_pll1~FRACTIONAL_PLL|vcoph[0]'
Slack : 1.250
TNS   : 0.000

Type  : Fast 1100mV 0C Model Minimum Pulse Width 'PLL_input|altpll_component|auto_generated|generic_pll1~PLL_OUTPUT_COUNTER|divclk'
Slack : 8.477
TNS   : 0.000

Type  : Fast 1100mV 0C Model Minimum Pulse Width 'clk_in'
Slack : 9.930
TNS   : 0.000

Type  : Fast 1100mV 0C Model Minimum Pulse Width 'altera_reserved_tck'
Slack : 15.010
TNS   : 0.000

------------------------------------------------------------
